../Drivers/CMSIS/Include/core_cm7.h:2229:22:SCB_EnableICache	4	static,ignoring_inline_asm
../Drivers/CMSIS/Include/core_cm7.h:2281:22:SCB_EnableDCache	24	static,ignoring_inline_asm
../Core/Src/main.c:89:5:main	104	static
../Core/Src/main.c:184:6:SystemClock_Config	88	static
../Core/Src/main.c:240:13:MX_I2C2_Init	8	static
../Core/Src/main.c:288:13:MX_USART2_UART_Init	8	static
../Core/Src/main.c:323:13:MX_GPIO_Init	56	static
../Core/Src/main.c:369:6:StartDefaultTask	24	static
../Core/Src/main.c:409:6:StartTask02	32	static
../Core/Src/main.c:432:6:StartTask03	40	static
../Core/Src/main.c:453:6:MPU_Config	24	static
../Core/Src/main.c:497:6:HAL_TIM_PeriodElapsedCallback	16	static
../Core/Src/main.c:515:6:Error_Handler	4	static,ignoring_inline_asm
