../Drivers/CMSIS/Include/core_cm7.h:2229:22:SCB_EnableICache	4	static,ignoring_inline_asm
../Drivers/CMSIS/Include/core_cm7.h:2281:22:SCB_EnableDCache	24	static,ignoring_inline_asm
../Core/Src/main.c:84:5:main	104	static
../Core/Src/main.c:178:6:SystemClock_Config	88	static
../Core/Src/main.c:232:13:MX_I2C2_Init	8	static
../Core/Src/main.c:280:13:MX_GPIO_Init	56	static
../Core/Src/main.c:325:6:StartDefaultTask	24	static
../Core/Src/main.c:352:6:StartTask02	32	static
../Core/Src/main.c:375:6:StartTask03	40	static
../Core/Src/main.c:390:6:MPU_Config	24	static
../Core/Src/main.c:434:6:HAL_TIM_PeriodElapsedCallback	16	static
../Core/Src/main.c:451:6:Error_Handler	4	static,ignoring_inline_asm
